npm error code ERESOLVE
npm error ERESOLVE unable to resolve dependency tree
npm error
npm error While resolving: intaj-app@0.1.0
npm error Found: react@19.1.0
npm error node_modules/react
npm error   react@"19.1.0" from the root project
npm error
npm error Could not resolve dependency:
npm error peer react@"^18.0.0" from @testing-library/react@14.3.1
npm error node_modules/@testing-library/react
npm error   dev @testing-library/react@"^14.1.0" from the root project
npm error
npm error Fix the upstream dependency conflict, or retry
npm error this command with --force or --legacy-peer-deps
npm error to accept an incorrect (and potentially broken) dependency resolution.
npm error
npm error
npm error For a full report see:
npm error C:\Users\moras\AppData\Local\npm-cache\_logs\2025-09-23T21_45_56_569Z-eresolve-report.txt
npm error A complete log of this run can be found in: C:\Users\moras\AppData\Local\npm-cache\_logs\2025-09-23T21_45_56_569Z-debug-0.log
